detail/detailsprites
models/props_pipes/concrete_pipe001a_02
models/gibs/hgibs/skull1
models/gibs/hgibs/skull1_normal
tools/climb_alpha
dev/dev_measuregeneric01
dev/dev_measuregeneric01b
tools/toolsclip
tools/toolsfog
tools/toolshint
tools/toolsinvisible
tools/toolsskip
tools/toolstrigger
128 models/props_buildings/destroyedbuillding01a
128 models/props_buildings/destroyedbuilldingwall01a

256 models/props_street/watertower01
256 models/props_rooftop/billboard01_main
256 models/props_rooftop/acunit01
256 models/props_rooftop/acvent04
256 models/props_urban/fire_escape

512 models/infected/boomer/boomer_normal
512 models/infected/hulk/hulk_01_normal
512 models/infected/witch/witch_normal
512 models/infected/smoker/smoker_normal
512 models/infected/boomer/boomer_normal
512 models/infected/witch/witch_normal
512 models/infected/hulk/hulk_01_normal
512 models/props_vehicles/flatnose_truck
512 concrete/pavement_height-ssbump
512 models/v_models/weapons/pistol/v_pistol_reference
512 models/v_models/weapons/smg/uzi

512 models/survivors/biker/francis_normal
512 models/survivors/teenangst/zoey_normal
512 models/survivors/manager/louis_normal
512 models/survivors/namvet/bill_normal

512 models/props_c17/substation_circuitbreaker02
512 models/props/cs_assault/forklift
256 models/props/cs_assault/forklift_ref
512 models/infected/boomer/boomer_exploded_01
512 models/props_vehicles/4carz1024

512 models/infected/common/common_male_suit_02_upper_01
512 models/infected/common/law_enforcement/common_police_male_upper_01
512 models/infected/common/military_national_guard/common_military_upper_01
512 models/infected/common/worker/common_worker_male_upper_01
512 models/infected/common/worker/common_worker_male_upper_02
512 models/infected/common/common_male_suit_01_upper_01
512 models/infected/common/common_male_upper_01
512 models/infected/common/common_male_upper_03
512 models/infected/common/common_male_upper_05
512 models/infected/common/common_male_upper_07
512 models/infected/common/female_01/common_female_casual_upper_01
512 models/infected/common/female_01/common_female_suit_lower_01
512 models/infected/common/common_male_lower_01
512 models/infected/common/common_male_suit_01_lower_01
512 models/infected/common/common_male_suit_02_upper_01
512 models/infected/common/female_01/common_female_casual_lower_01
512 models/infected/common/law_enforcement/common_police_male_lower_01
512 models/infected/common/law_enforcement/common_police_male_upper_01
512 models/infected/common/military_national_guard/common_military_lower_01
512 models/infected/common/military_national_guard/common_military_upper_01
512 models/infected/common/worker/common_worker_male_lower_01
512 models/infected/common/female_01/common_female_suit_upper_01
