detail/detailsprites
models/v_models/infected/v_hulk
models/v_models/infected/v_boomer_hands
models/v_models/infected/v_hunter_hands
models/v_models/infected/v_hunter_hands_detail
models/v_models/infected/v_boomer_body
models/v_models/infected/v_boomer_body_normal
models/v_models/infected/v_boomer_hands_normal
glass/offwndwb_break_hdr
models/props_doors/doormain_skin02
models/props_doors/doormain_skin03
models/props_lighting/lightfixture02aon
models/props_lighting/lightfixture02on
models/gibs/hgibs/skull1
models/gibs/hgibs/skull1_normal
models/props_interiors/painting_landscape_c
models/props_interiors/painting_landscape_f
models/props_interiors/painting_landscape_g
models/props_interiors/painting_landscape_h
models/props_interiors/painting_landscape_i
models/props_interiors/painting_landscape_j
models/props_interiors/painting_landscape_k
models/props_interiors/painting_landscape_l
models/props_interiors/painting_portrait_c
models/props_interiors/painting_portrait_e
models/props_interiors/painting_portrait_f
models/props_interiors/painting_portrait_g
models/props_interiors/painting_portrait_h
models/props_interiors/painting_portrait_i
models/props_interiors/painting_portrait_j
models/props_interiors/painting_portrait_k
models/props_interiors/painting_portrait_l
tools/climb_alpha
dev/dev_measuregeneric01
dev/dev_measuregeneric01b
models/props_unique/airport/luggage_set2
tools/toolsclip
tools/toolsfog
tools/toolshint
tools/toolsinvisible
tools/toolsskip
tools/toolstrigger

256 models/props_street/watertower01
256 models/props_rooftop/billboard01_main
256 models/props_rooftop/rooftopcluster06a

512 models/infected/boomer/boomer_normal
512 models/infected/hulk/hulk_01_normal
512 models/infected/witch/witch_normal
512 models/infected/smoker/smoker_normal
512 models/infected/boomer/boomer_normal
512 models/infected/witch/witch_normal
512 models/infected/hulk/hulk_01_normal
512 models/props_vehicles/flatnose_truck
512 models/props_vehicles/4carz1024
512 concrete/pavement_height-ssbump
512 models/v_models/weapons/pistol/v_pistol_reference
512 models/v_models/weapons/smg/uzi

512 models/survivors/biker/francis_normal
512 models/survivors/teenangst/zoey_normal
512 models/survivors/manager/louis_normal
512 models/survivors/namvet/bill_normal

512 models/infected/boomer/boomer_exploded_01
512 models/infected/common/common_male_suit_02_upper_01
512 models/infected/common/law_enforcement/common_police_male_upper_01
512 models/infected/common/military_national_guard/common_military_upper_01
512 models/infected/common/worker/common_worker_male_upper_01
512 models/infected/common/worker/common_worker_male_upper_02
512 models/infected/common/common_male_suit_01_upper_01
512 models/infected/common/common_male_upper_01
512 models/infected/common/common_male_upper_03
512 models/infected/common/common_male_upper_05
512 models/infected/common/common_male_upper_07
512 models/infected/common/female_01/common_female_casual_upper_01
512 models/infected/common/female_01/common_female_suit_lower_01
512 models/infected/common/common_male_lower_01
512 models/infected/common/common_male_suit_01_lower_01
512 models/infected/common/common_male_suit_02_upper_01
512 models/infected/common/female_01/common_female_casual_lower_01
512 models/infected/common/law_enforcement/common_police_male_lower_01
512 models/infected/common/law_enforcement/common_police_male_upper_01
512 models/infected/common/military_national_guard/common_military_lower_01
512 models/infected/common/military_national_guard/common_military_upper_01
512 models/infected/common/worker/common_worker_male_lower_01
512 models/infected/common/female_01/common_female_suit_upper_01
512 models/infected/hunter/hunter_01
512 models/infected/witch/witch
512 models/infected/smoker/smoker
512 models/props_junk/physics_trash
512 models/props_industrial/construction_crane_col













