detail/detailsprites
models/v_models/infected/v_hulk
models/v_models/infected/v_boomer_hands
models/v_models/infected/v_hunter_hands
models/v_models/infected/v_hunter_hands_detail
models/props_doors/doormain_skin02
models/props_doors/doormain_skin03
models/v_models/infected/v_boomer_body
models/v_models/infected/v_boomer_body_normal
models/v_models/infected/v_boomer_hands_normal

512 models/infected/boomer/boomer_normal
512 models/infected/smoker/smoker_normal
512 models/infected/hulk/hulk_01_normal
512 models/infected/witch/witch_normal
512 models/survivors/teenangst/teenangst_normal
512 models/deadbodies/dead_military_police_super
512 models/v_models/weapons/autoshot/m4super
512 models/v_models/weapons/shotgun/v_pump_shotgun_reference
512 models/v_models/weapons/rifle/m16a2
512 models/v_models/weapons/pistol/v_pistol_reference
512 models/v_models/weapons/smg/uzi
512 models/v_models/weapons/sniper/v_sniper_reference
512 concrete/urban_concretefloor_01_ssbump
512 models/deadbodies/deadbodies_super
512 models/infected/common/common_male_suit_01_upper_01
512 models/infected/common/common_male_suit_02_upper_01
512 models/infected/common/common_male_upper_01
512 models/infected/common/common_male_upper_05
512 models/infected/common/common_male_upper_03
512 models/infected/common/common_male_upper_07
512 models/infected/common/female_01/common_female_suit_upper_01
512 models/infected/common/law_enforcement/common_police_male_upper_01
512 models/infected/common/military_national_guard/common_military_upper_01
512 models/infected/common/worker/common_worker_male_upper_01
512 models/infected/common/worker/common_worker_male_upper_02
256 models/props_vehicles/helicopter_news2
128 models/props_wasteland/light_spotlight01a
256 models/v_models/weapons/eq_molotov/v_eq_molotov_bottle_normal
512 models/w_models/minigun/w_minigun
256 models/hybridphysx/helicopter_news_adj
512 decals/bench01_subway
256 models/props_vehicles/helicopter_news_ref
256 models/v_models/weapons/eq_molotov/v_eq_molotov_rag
256 decals/decalstain001a
256 decals/decalstain011a
256 de_train/train_cement_stain_01
256 decals/decalstain002a
256 models/props_urban/fire_escape
128 glass/glasswindow048a
256 decals/prodconcrete02
256 models/props_street/bollards
256 models/props_trainstation/trainstation_bench001
256 models/props_street/watertower01
256 models/props_street/trafficlight01_main
512 models/props_industrial/warehouse_shelves
256 models/props_junk/cardboard_boxes001a
256 models/props_junk/garbage003a_01
256 models/props_junk/wood_palletcrate001a
256 models/props_rooftop/billboard03_main
256 models/props_rooftop/acvent02
256 models/props_rooftop/acvent04
512 models/props_doors/checkpoint door
256 models/props_lab/lab_objects02
512 models/props/de_nuke/electricalbox02
256 models/props_debris/composite_debris
256 decals/subwaytracks_overlay
256 models/props/cs_office/vending_machine
512 models/props_junk/physics_trash_hospital
256 models/props_vehicles/4carz1024_glass
256 models/v_models/weapons/eq_molotov/v_eq_molotov_bottle
512 models/props/de_nuke/electricalbox01
256 models/props/cs_militia/boxes1
512 models/props_crates/misc_crates
256 models/props_doors/door_urban_48_118
256 models/props_doors/doormain_skin04
256 models/props_c17/lamppost03a
256 decals/buildingsign01
256 metal/metalgrate008a
256 models/props_interiors/corkboardverticle01
256 models/props_lab/monitor02
256 models/props_pipes/pipeset02d_512_001a
256 models/props_pipes/pipeset32d
256 models/props_street/bay_window01
256 models/props_windows/windows_urban01
256 models/props_wasteland/fence_sheet01
256 models/props_windows/windows_urban02
256 models/props_wasteland/fence_sheet02
256 models/props_wasteland/light_spotlight01b
256 models/props_street/electrical_boxes
256 models/props_rooftop/train_signalbox
512 models/props_interiors/concretepillar01_dm
256 models/props_interiors/furniture_wood01
256 models/props_debris/concretedebris_chunk01
256 models/props_unique/processor_tank
256 models/props_street/shutters
256 wood/desk01
512 buildings/brick40b
512 models/props_vehicles/4carz1024
512 ads/adgroup_01a
256 tile/urban_countertop01b
256 tile/floor03
512 sprites/spotlight01_proxyfade
256 metal/metal_corrugated01b
512 models/props_unique/generator
512 models/props_unique/generator01
512 models/props_unique/subwaycar_all
512 models/props_unique/subwaycar_all_ref
256 models/props_vehicles/police_car
256 metal/metalwall014a
512 models/props_crates/standard_crates
256 models/props_equipment/security_desk
256 models/props_foliage/tree_deciduous_01a_trunk
256 models/props_signs/burger_tank_col_lo
512 models/props_vehicles/semi_trailer
512 models/props_vehicles/semi_truck
512 models/props_vehicles/tanker001a_01
256 models/props_interiors/shelvingstore_grocery01
256 models/props_interiors/shelvingstore_grocery01_ref
256 models/props_interiors/copymachine01
256 models/props_interiors/industrial_table01
256 models/props_street/mail_dropbox
256 metal/metaltruss004a
256 glass/urban_glass_03
256 glass/offwndwb_break_hdr
512 models/props_vehicles/car001a_01
256 models/props_vehicles/car_colortint
512 decals/bloodstain_003
256 metal/prodventa_normal
256 decals/door_wood36
256 decals/door_wood37
256 decals/door_wood22
256 metal/metalwall031a
256 buildings/trim19
128 models/props/cs_office/projector
128 models/props/de_nuke/light_wall
128 models/props/de_nuke/industriallight01
256 models/props_junk/plasticcrate01a
256 models/props_pipes/interiorpipe002a
256 models/props_street/trimpiece02
256 models/props_lighting/lightfixture02off
256 models/props_lighting/lightfixture02aoff
128 models/props/de_nuke/light_red1
256 models/props_vents/ventbreakable01
256 wood/urban_woodcabinets02b
256 wood/urban_woodcabinets02a
256 models/props_c17/handrailmetal001a
512 models/props_street/phonepole1a
256 buildings/trim05
256 concrete/offtrima
128 models/props_misc/pan-2
128 models/props_misc/pan-1
128 models/props_misc/pot-2
128 models/props_misc/pan-3
256 models/props_rooftop/gutter_pipe
512 models/infected/boomer/boomer
512 models/infected/boomer/boomer_exploded_01
512 models/infected/hulk/hulk_01
512 models/infected/hunter/hunter_01
512 models/infected/smoker/smoker
512 models/infected/witch/witch

512 models/props_vehicles/flatnose_truck
