detail/detailsprites
models/props_doors/doormain_skin02
models/props_doors/doormain_skin03
models/props_foliage/tree_trunk
tile/floor_fastfood
models/props_vehicles/van001b_01

256 models/infected/boomer/boomer_normal
512 models/infected/smoker/smoker_normal
512 models/infected/hulk/hulk_01_normal
512 models/infected/witch/witch_normal
512 models/survivors/teenangst/teenangst_normal
512 models/deadbodies/dead_military_police_super
512 models/v_models/weapons/autoshot/m4super
512 models/v_models/weapons/shotgun/v_pump_shotgun_reference
512 models/v_models/weapons/rifle/m16a2
512 models/v_models/weapons/pistol/v_pistol_reference
512 models/v_models/weapons/smg/uzi
512 models/v_models/weapons/sniper/v_sniper_reference
512 concrete/urban_concretefloor_01_ssbump
512 models/deadbodies/deadbodies_super
512 models/infected/common/common_male_suit_01_upper_01
512 models/infected/common/common_male_suit_02_upper_01
512 models/infected/common/common_male_upper_01
512 models/infected/common/common_male_upper_05
512 models/infected/common/common_male_upper_03
512 models/infected/common/common_male_upper_07
512 models/infected/common/female_01/common_female_suit_upper_01
512 models/infected/common/female_01/common_female_suit_upper_04
512 models/infected/common/law_enforcement/common_police_male_upper_01
512 models/infected/common/military_national_guard/common_military_upper_01
512 models/infected/common/worker/common_worker_male_upper_01
512 models/infected/common/worker/common_worker_male_upper_02
512 models/infected/common/worker/common_worker_male_upper_03
512 models/infected/common/worker/common_worker_male_upper_04
512 models/infected/common/worker/common_worker_male_upper_05
512 models/infected/common/worker/common_worker_male_upper_06
256 models/v_models/weapons/eq_molotov/v_eq_molotov_bottle_normal
512 models/hybridphysx/gasstationground_normal
512 models/hybridphysx/gasstationpit_normal
512 models/hybridphysx/gasstationroof_normal
256 models/props_equipment/gas_pump_normal
256 concrete/sign_hospital01_normal
512 decals/pump_n_run
256 models/deadbodies/corpse_06_legs
256 models/deadbodies/corpse_06
512 sewage/sewagescum01
512 models/props/cs_assault/forklift
256 decals/graffiti_lootersshot
256 models/infected/witch/witch_hairnormal
256 models/deadbodies/corpse_01
256 models/infected/common/hospital_patient/common_patient_upper_01
512 models/props_debris/paintbucket01
512 de_nuke/nukconcretewalla
512 models/infected/common/common_male_suit_01_lower_01
128 models/props_lighting/lightfixture03_on
256 models/props_street/warehouse_vent_pipes
256 models/props/cs_militia/sheetrock_leaning
256 models/props_c17/metalladder002
256 models/props_foliage/tree_deciduous_01a_trunk
256 models/props_pipes/pipeset_metal
256 models/props_pipes/pipeset_metal02
128 models/props_street/bollards
256 buildings/trim19
512 models/infected/boomer/boomer_exploded_01
256 models/props_plants/plantairport01_super
256 models/props_lighting/lightfixture04on
256 graffiti/graffiti_composite_01g
256 graffiti/graffiti_composite_01i
512 decals/bloodstain_003
256 decals/rubbledecal001
512 models/infected/common/law_enforcement/common_police_male_lower_01
512 models/props_junk/physics_trash_hospital
256 models/v_models/weapons/eq_molotov/v_eq_molotov_bottle
512 de_nuke/nukibeama
512 de_nuke/nukibeama_normal
128 decals/offexitlightns
128 metal/metalceiling005a
256 metal/metalroof005a
256 metal/metalpipe009b
256 models/props_canal/canal_bars004
256 models/props_debris/concretedebris_chunk01
256 models/props_debris/composite_debris
256 models/props_buildings/destroyedbuillding01a
256 models/v_models/weapons/eq_molotov/v_eq_molotov_rag
512 models/props_industrial/warehouse_shelves
256 models/props/cs_militia/foodstack_super
256 models/props_interiors/table_cafeteria
256 models/props_lighting/lightfixture04off
256 models/props_lighting/lightfixture03_off
256 models/props_lighting/lightfixture02on
256 models/props_lighting/lightfixture02aon
256 models/props_lighting/lightfixture05_on
256 models/props_rooftop/acvent04
256 models/props_lighting/lightfixture04off_ref
256 models/props_lighting/lightfixture03_off_ref
256 models/props_lab/lab_objects02
256 models/props_signs/eastern_waterworks_sign
256 models/props_street/electrical_boxes
128 models/props/cs_office/projector
128 models/props_junk/plasticcrate01a
256 models/props_rooftop/acvent02
256 models/props_rooftop/acvent01
512 models/survivors/manager/louis_normal
512 models/survivors/biker/francis_normal
512 models/survivors/teenangst/zoey_normal
512 models/survivors/namvet/bill_normal
512 models/hybridphysx/gasstationroof_post
256 models/props/cs_office/vending_machine
128 models/props/cs_office/poster_backing
256 models/props_equipment/snack_machine
512 models/props_interiors/kitchen_props_industrial01
256 models/props_junk/phys_objects02a
512 models/props_lab/elevatorbutton_sheet
256 models/props_lighting/lightfixture02off
128 models/props/cs_office/radio
64 models/props/cs_office/light_ceiling_ref
256 models/props_trainstation/pole_384connection001a
256 models/props_vehicles/ambulance_ref
256 models/props_rooftop/acunit01
256 nature/trash01a
256 models/props_doors/roll-up_door
256 models/props_rooftop/gutter_pipe
256 de_train/train_cement_stain_01
512 models/props/de_nuke/electricalbox01
512 models/props/de_nuke/electricalbox02
512 models/props_doors/checkpoint door
256 models/props_interiors/refrigerator02_new_on
256 metal/metalpipe009b_normal
256 metal/metalroof005a_normal
256 metal/metalwall031a
256 decals/dirtfloor012a
128 models/props_interiors/toaster
128 models/props_interiors/printer
128 models/props_urban/gas_meter
256 models/props_equipment/gas_pump
512 models/hybridphysx/gasstationside2_post
512 models/hybridphysx/gasstationside1_post
512 models/hybridphysx/gasstationfront_post
256 models/props_interiors/refrigerator02_new
128 models/props_interiors/handrail02a
128 models/props/de_train/light_security2
256 models/props_trainstation/trainstation_bench001
256 models/props_equipment/light_floodlight_on
256 metal/metalgrate008a
256 models/props_c17/computer01
256 models/props_interiors/ibeam_breakable01
256 models/props_junk/woodcrates01a
256 models/props_street/bay_window01
256 models/props_unique/wheelchair01
256 models/props_windows/windows_urban01
256 models/props_wasteland/fence_sheet02
256 models/props_wasteland/fence_sheet01
256 models/props_windows/windows_urban02
256 models/props/cs_assault/wirepipe
128 models/props/cs_assault/pylon
256 models/props_interiors/industrial_table01
256 metal/metalstair002a_normal
256 decals/decalstain011a
256 decals/decalstain002a
256 models/props_urban/fire_escape
256 models/props_street/watertower01
256 models/props_rooftop/acvent05
512 models/props_street/phonepole1a
256 models/props_equipment/phone_booth
256 models/props_street/police_barricade
256 metal/metalhull003a
256 models/props_street/trafficlight01_main
256 de_nuke/nukmetwallab_normal
256 models/props_street/trashbin01
256 models/props_vehicles/4carz1024_glass
256 concrete/roadcrosswalk_overlay
256 models/props_doors/door_urban_48_118
256 models/props_interiors/copymachine01
256 wood/plywood02
128 models/props_interiors/tvebstest
128 models/props_lighting/lampbedside01_on
128 models/props_street/trafficlight01_lights_red
128 models/props_street/trafficlight01_lights_yellow
128 models/props_street/trafficlight01_lights
256 models/props_street/trimpiece02
128 models/props_unique/spawn_apartment/lantern_on
256 decals/trashdecal05a
128 models/props/cs_office/vending_machine_ref
128 models/props_c17/potspans001a
128 models/props/cs_assault/camera
256 decals/stain01
128 models/props_interiors/tvanimstatic
256 models/props/de_prodigy/pushcart01a
256 models/props/cs_office/file_cabinet1
256 models/props_equipment/light_floodlight
256 models/props_doors/windows_urban02
128 models/props/cs_assault/firehydrant
256 models/props_lighting/lightfixture05
256 models/props_unique/coffeemachine01
256 de_nuke/nukmetwalli
256 models/props_industrial/wire_spool_01
256 decals/buildingsign01
512 models/props_crates/standard_crates
256 models/props_c17/lamppost03a
256 models/props_street/trafficlightfallen01_main
128 decals/metal_vent01
128 de_nuke/nuke_metalvent
256 de_nuke/nuke_officedoor_03
256 concrete/concreteceiling003a
256 decals/door_wood22
256 decals/window_metal04
256 concrete/subway_concretewall_01a
256 de_nuke/nukmetwallab
256 concrete/concretewall036a
256 de_train/train_cement_floor_01
256 models/props_interiors/woodfurniture01
256 models/props_junk/cardboard_boxes001a
256 models/props_unique/processor_tank
256 rubble/donner_rubble1
256 concrete/concretewall001
256 models/props_equipment/fountain_drinks
128 particle/crackedpavementdecal
128 models/props/de_nuke/light_wall
128 models/props/cs_office/light_ceiling
128 models/props/cs_office/light_shop
256 models/props_unique/hospital/gurney
256 models/props_pipes/pipeset32d
256 models/props_interiors/sofa_chair
256 models/props_interiors/sofa01
512 models/props_interiors/medicalcabinet02
256 metal/metalgate005a
256 models/props_c17/fence_alpha_mip0
256 concrete/floor002_normal
256 concrete/concretefloor038a_wet_normal
256 models/props_junk/phys_objects02a_normal
256 models/props_street/manhole_cover_normal
256 tile/burgertank_tilefloor_01_ssbump
256 tile/urban_tilefloor02_ssbump
256 tile/burgertank_tilewall_01_ssbump
128 models/props_interiors/alarm_clock_on
256 models/props_rooftop/billboard06_main
256 models/props_rooftop/billboard03_main
256 overlays/urban_paintswatch_02a
512 models/infected/boomer/boomer
512 models/infected/hulk/hulk_01
512 models/infected/hunter/hunter_01
512 models/infected/smoker/smoker
512 models/infected/witch/witch
512 models/props_vehicles/ambulance
512 models/props/de_nuke/truck_nuke
512 particle/spray1/spray1
512 decals/decals_mod2x
512 particle/goo/goo
512 particle/fire_particle_2/fire_particle_2
128 models/props_misc/pot-2
128 models/props_interiors/interiors_potsnpans01a
64 models/props_interiors/styrofoam_cups
128 models/props_interiors/styrofoam_cups_break
128 models/props_interiors/medicinecabinet01

512 models/props_vehicles/4carz1024
512 models/props_vehicles/flatnose_truck
512 models/v_models/infected/v_hulk
512 models/infected/common/female_01/common_female_casual_upper_01
256 models/props/cs_assault/forklift_ref
512 models/props_office/vending_machine01








