detail/detailsprites

512 models/infected/boomer/boomer_normal
512 models/infected/smoker/smoker_normal
512 models/infected/hulk/hulk_01_normal
512 models/infected/witch/witch_normal
512 models/survivors/teenangst/teenangst_normal
512 models/deadbodies/dead_military_police_super
512 models/v_models/weapons/autoshot/m4super
512 models/v_models/weapons/rifle/m16a2
512 models/v_models/weapons/pistol/v_pistol_reference
512 models/v_models/weapons/smg/uzi
512 models/v_models/weapons/sniper/v_sniper_reference

512 models/survivors/biker/francis_normal
512 models/survivors/manager/louis_normal
512 models/survivors/namvet/bill_normal
512 models/survivors/teenangst/zoey_normal
512 models/infected/boomer/boomer
512 models/infected/boomer/boomer_exploded_01
512 models/infected/common/female_01/common_female_casual_upper_01
512 models/infected/hulk/hulk_01
512 models/infected/hunter/hunter_01
512 models/infected/smoker/smoker
512 models/infected/witch/witch
512 models/v_models/infected/v_hulk
512 models/props_vehicles/4carz1024
512 models/props_foliage/trees_farm01
512 models/props_foliage/branchesfarm01_mip0

512 models/props_vehicles/train_box

256 models/props/cs_assault/forklift_ref
512 models/props_office/vending_machine01
512 models/props/cs_assault/forklift
512 models/infected/boomer/boomer_exploded_01

512 models/infected/hulk/hulk_01
512 models/infected/hunter/hunter_01
512 models/infected/smoker/smoker
512 models/infected/witch/witch
512 models/v_models/weapons/pistol/v_pistol_reference
512 models/infected/boomer/boomer
512 models/deadbodies/dead_military_police_super

512 models/infected/common/common_male_upper_05
512 models/infected/common/rural/common_rural_upper_01
256 tile/tilefloor016a_normal

512 metal/fence_barbed

512 models/v_models/weapons/smg/uzi
512 models/props_vehicles/train_orecar
512 nature/trees_card01

